[2026-09-27 19:45:17] [Render thread/INFO] [CustomSkinLoader Core]: CustomSkinLoader 15.0.1
[2026-09-27 19:45:17] [Render thread/INFO] [CustomSkinLoader Core]: DataDir: C:\Users\Jorjik\AppData\Roaming\.minecraft\versions\Bogdan's Return\CustomSkinLoader
[2026-09-27 19:45:17] [Render thread/INFO] [CustomSkinLoader Core]: Operating System: Windows 10 (amd64) version 10.0
[2026-09-27 19:45:17] [Render thread/INFO] [CustomSkinLoader Core]: Java Version: 21.0.7, Microsoft
[2026-09-27 19:45:17] [Render thread/INFO] [CustomSkinLoader Core]: Java VM Version: OpenJDK 64-Bit Server VM (mixed mode), Microsoft
[2026-09-27 19:45:17] [Render thread/INFO] [CustomSkinLoader Core]: Minecraft: 1.21.1
[2026-09-27 19:45:17] [Render thread/INFO] [CustomSkinLoader Core]: Config File: C:\Users\Jorjik\AppData\Roaming\.minecraft\versions\Bogdan's Return\CustomSkinLoader\CustomSkinLoader.json
[2026-09-27 19:45:17] [Render thread/INFO] [CustomSkinLoader Core]: Try to load config.
[2026-09-27 19:45:17] [Render thread/INFO] [CustomSkinLoader Core]: Successfully load config.
[2026-09-27 19:45:17] [Render thread/INFO] [CustomSkinLoader Core]: Add a profile loader: GameProfile
[2026-09-27 19:45:17] [Render thread/INFO] [CustomSkinLoader Core]: Add a profile loader: MojangAPI
[2026-09-27 19:45:17] [Render thread/INFO] [CustomSkinLoader Core]: Add a profile loader: Legacy
[2026-09-27 19:45:17] [Render thread/INFO] [CustomSkinLoader Core]: Add a profile loader: CustomSkinAPI
[2026-09-27 19:45:17] [Render thread/INFO] [CustomSkinLoader Core]: Add a profile loader: CustomSkinAPIPlus
[2026-09-27 19:45:17] [Render thread/INFO] [CustomSkinLoader Core]: Add a profile loader: UniSkinAPI
[2026-09-27 19:45:17] [Render thread/INFO] [CustomSkinLoader Core]: Add a profile loader: ElyByAPI
[2026-09-27 19:45:17] [Render thread/INFO] [CustomSkinLoader Core]: Add a profile loader: MinecraftCapesAPI
[2026-09-27 19:45:17] [Render thread/INFO] [CustomSkinLoader Core]: Add a profile loader: WynntilsAPI
[2026-09-27 19:45:17] [Render thread/INFO] [CustomSkinLoader Core]: Successfully update config.
[2026-09-27 19:45:17] [Render thread/INFO] [CustomSkinLoader Core]: version : 15.0.1
[2026-09-27 19:45:17] [Render thread/INFO] [CustomSkinLoader Core]: buildNumber : 40
[2026-09-27 19:45:17] [Render thread/INFO] [CustomSkinLoader Core]: loadlist : [{ "name": "LittleSkin", "type": "CustomSkinAPI", "root": "https://littleskin.cn/csl/" }]
[2026-09-27 19:45:17] [Render thread/INFO] [CustomSkinLoader Core]: enableTransparentSkin : true
[2026-09-27 19:45:17] [Render thread/INFO] [CustomSkinLoader Core]: forceLoadAllTextures : true
[2026-09-27 19:45:17] [Render thread/INFO] [CustomSkinLoader Core]: enableCape : true
[2026-09-27 19:45:17] [Render thread/INFO] [CustomSkinLoader Core]: threadPoolSize : 8
[2026-09-27 19:45:17] [Render thread/INFO] [CustomSkinLoader Core]: enableLogStdOut : false
[2026-09-27 19:45:17] [Render thread/INFO] [CustomSkinLoader Core]: cacheExpiry : 30
[2026-09-27 19:45:17] [Render thread/INFO] [CustomSkinLoader Core]: forceUpdateSkull : false
[2026-09-27 19:45:17] [Render thread/INFO] [CustomSkinLoader Core]: enableLocalProfileCache : false
[2026-09-27 19:45:17] [Render thread/INFO] [CustomSkinLoader Core]: enableCacheAutoClean : false
[2026-09-27 19:45:17] [Render thread/INFO] [CustomSkinLoader Core]: forceDisableCache : false
[2026-09-27 19:45:17] [Tamuriel <d7d6b6b7-d62f-11ef-af44-9c6b00470e68>/INFO] [CustomSkinLoader Core]: Loading Tamuriel's profile.
[2026-09-27 19:45:17] [Tamuriel <d7d6b6b7-d62f-11ef-af44-9c6b00470e68>/INFO] [CustomSkinLoader Core]: 1/1 Try to load profile from 'LittleSkin'.
[2026-09-27 19:45:17] [Tamuriel <d7d6b6b7-d62f-11ef-af44-9c6b00470e68> (LittleSkin)/DEBUG] [CustomSkinLoader Core]: Try to request 'https://littleskin.cn/csl/Tamuriel.json'.
[2026-09-27 19:45:21] [Tamuriel <d7d6b6b7-d62f-11ef-af44-9c6b00470e68> (LittleSkin)/DEBUG] [CustomSkinLoader Core]: Successfully request (Response Code: 304 , Content Length: -1)
[2026-09-27 19:45:21] [Tamuriel <d7d6b6b7-d62f-11ef-af44-9c6b00470e68> (LittleSkin)/DEBUG] [CustomSkinLoader Core]: Cache file found (Length: 122 , Path: 'C:\Users\Jorjik\AppData\Roaming\.minecraft\versions\Bogdan's Return\CustomSkinLoader\caches\9e54e2761792637e625f788f0705f7f4cb78937c' , Expire: 0)
[2026-09-27 19:45:21] [Tamuriel <d7d6b6b7-d62f-11ef-af44-9c6b00470e68> (LittleSkin)/INFO] [CustomSkinLoader Core]: Try to load from cache 'C:\Users\Jorjik\AppData\Roaming\.minecraft\versions\Bogdan's Return\CustomSkinLoader\caches\9e54e2761792637e625f788f0705f7f4cb78937c'.
[2026-09-27 19:45:21] [Tamuriel <d7d6b6b7-d62f-11ef-af44-9c6b00470e68> (LittleSkin)/DEBUG] [CustomSkinLoader Core]: Successfully load from cache
[2026-09-27 19:45:21] [Tamuriel <d7d6b6b7-d62f-11ef-af44-9c6b00470e68> (LittleSkin)/DEBUG] [CustomSkinLoader Core]: Content: {"username":"Tamuriel","skins":{"default":"9e01fbd48beb637996bca4de61a82a7392e90643850bb0a582046703462fdfd1"},"cape":null}
[2026-09-27 19:45:21] [Tamuriel <d7d6b6b7-d62f-11ef-af44-9c6b00470e68>/INFO] [CustomSkinLoader Core]: Tamuriel's profile loaded. (3769ms)
[2026-09-27 19:45:21] [Tamuriel <d7d6b6b7-d62f-11ef-af44-9c6b00470e68>/INFO] [CustomSkinLoader Core]: (SkinUrl: https://littleskin.cn/csl/textures/9e01fbd48beb637996bca4de61a82a7392e90643850bb0a582046703462fdfd1 , Model: default , CapeUrl: null  , Expiry: 1790502351)
[2026-09-27 20:00:52] [Tamuriel <d7d6b6b7-d62f-11ef-af44-9c6b00470e68>/INFO] [CustomSkinLoader Core]: Loading Tamuriel's profile.
[2026-09-27 20:00:52] [Tamuriel <d7d6b6b7-d62f-11ef-af44-9c6b00470e68>/INFO] [CustomSkinLoader Core]: 1/1 Try to load profile from 'LittleSkin'.
[2026-09-27 20:00:52] [Tamuriel <d7d6b6b7-d62f-11ef-af44-9c6b00470e68> (LittleSkin)/DEBUG] [CustomSkinLoader Core]: Try to request 'https://littleskin.cn/csl/Tamuriel.json'.
[2026-09-27 20:01:04] [Tamuriel <d7d6b6b7-d62f-11ef-af44-9c6b00470e68> (LittleSkin)/DEBUG] [CustomSkinLoader Core]: Failed to request https://littleskin.cn/csl/Tamuriel.json (Exception: java.net.UnknownHostException: littleskin.cn)
[2026-09-27 20:01:04] [Tamuriel <d7d6b6b7-d62f-11ef-af44-9c6b00470e68> (LittleSkin)/DEBUG] [CustomSkinLoader Core]: Cache file found (Length: 122 , Path: 'C:\Users\Jorjik\AppData\Roaming\.minecraft\versions\Bogdan's Return\CustomSkinLoader\caches\9e54e2761792637e625f788f0705f7f4cb78937c' , Expire: 0)
[2026-09-27 20:01:04] [Tamuriel <d7d6b6b7-d62f-11ef-af44-9c6b00470e68> (LittleSkin)/INFO] [CustomSkinLoader Core]: Try to load from cache 'C:\Users\Jorjik\AppData\Roaming\.minecraft\versions\Bogdan's Return\CustomSkinLoader\caches\9e54e2761792637e625f788f0705f7f4cb78937c'.
[2026-09-27 20:01:04] [Tamuriel <d7d6b6b7-d62f-11ef-af44-9c6b00470e68> (LittleSkin)/DEBUG] [CustomSkinLoader Core]: Successfully load from cache
[2026-09-27 20:01:04] [Tamuriel <d7d6b6b7-d62f-11ef-af44-9c6b00470e68> (LittleSkin)/DEBUG] [CustomSkinLoader Core]: Content: {"username":"Tamuriel","skins":{"default":"9e01fbd48beb637996bca4de61a82a7392e90643850bb0a582046703462fdfd1"},"cape":null}
[2026-09-27 20:01:04] [Tamuriel <d7d6b6b7-d62f-11ef-af44-9c6b00470e68>/INFO] [CustomSkinLoader Core]: Tamuriel's profile loaded. (12062ms)
[2026-09-27 20:01:04] [Tamuriel <d7d6b6b7-d62f-11ef-af44-9c6b00470e68>/INFO] [CustomSkinLoader Core]: (SkinUrl: https://littleskin.cn/csl/textures/9e01fbd48beb637996bca4de61a82a7392e90643850bb0a582046703462fdfd1 , Model: default , CapeUrl: null  , Expiry: 1790503294)
[2026-09-27 20:04:37] [ametrine_io <1f58a621-28b2-3796-b7e3-0742ebfd37ba>/INFO] [CustomSkinLoader Core]: Loading ametrine_io's profile.
[2026-09-27 20:04:37] [ametrine_io <1f58a621-28b2-3796-b7e3-0742ebfd37ba>/INFO] [CustomSkinLoader Core]: 1/1 Try to load profile from 'LittleSkin'.
[2026-09-27 20:04:37] [ametrine_io <1f58a621-28b2-3796-b7e3-0742ebfd37ba> (LittleSkin)/DEBUG] [CustomSkinLoader Core]: Try to request 'https://littleskin.cn/csl/ametrine_io.json'.
[2026-09-27 20:04:37] [ametrine_io <1f58a621-28b2-3796-b7e3-0742ebfd37ba> (LittleSkin)/DEBUG] [CustomSkinLoader Core]: Failed to request https://littleskin.cn/csl/ametrine_io.json (Exception: java.net.UnknownHostException: littleskin.cn)
[2026-09-27 20:04:37] [ametrine_io <1f58a621-28b2-3796-b7e3-0742ebfd37ba> (LittleSkin)/DEBUG] [CustomSkinLoader Core]: Cache file found (Length: 122 , Path: 'C:\Users\Jorjik\AppData\Roaming\.minecraft\versions\Bogdan's Return\CustomSkinLoader\caches\17a971d93c03418850ca93fc93d10471ce5cde34' , Expire: 0)
[2026-09-27 20:04:37] [ametrine_io <1f58a621-28b2-3796-b7e3-0742ebfd37ba> (LittleSkin)/INFO] [CustomSkinLoader Core]: Try to load from cache 'C:\Users\Jorjik\AppData\Roaming\.minecraft\versions\Bogdan's Return\CustomSkinLoader\caches\17a971d93c03418850ca93fc93d10471ce5cde34'.
[2026-09-27 20:04:37] [ametrine_io <1f58a621-28b2-3796-b7e3-0742ebfd37ba> (LittleSkin)/DEBUG] [CustomSkinLoader Core]: Successfully load from cache
[2026-09-27 20:04:37] [ametrine_io <1f58a621-28b2-3796-b7e3-0742ebfd37ba> (LittleSkin)/DEBUG] [CustomSkinLoader Core]: Content: {"username":"ametrine_io","skins":{"slim":"742ee43a7d19d278a4fec9963871dc517c7912523d3fd603304b65f4782dfe13"},"cape":null}
[2026-09-27 20:04:37] [ametrine_io <1f58a621-28b2-3796-b7e3-0742ebfd37ba>/INFO] [CustomSkinLoader Core]: ametrine_io's profile loaded. (108ms)
[2026-09-27 20:04:37] [ametrine_io <1f58a621-28b2-3796-b7e3-0742ebfd37ba>/INFO] [CustomSkinLoader Core]: (SkinUrl: https://littleskin.cn/csl/textures/742ee43a7d19d278a4fec9963871dc517c7912523d3fd603304b65f4782dfe13 , Model: slim , CapeUrl: null  , Expiry: 1790503507)
[2026-09-27 20:20:51] [ametrine_io <1f58a621-28b2-3796-b7e3-0742ebfd37ba>/INFO] [CustomSkinLoader Core]: Loading ametrine_io's profile.
[2026-09-27 20:20:51] [ametrine_io <1f58a621-28b2-3796-b7e3-0742ebfd37ba>/INFO] [CustomSkinLoader Core]: 1/1 Try to load profile from 'LittleSkin'.
[2026-09-27 20:20:51] [ametrine_io <1f58a621-28b2-3796-b7e3-0742ebfd37ba> (LittleSkin)/DEBUG] [CustomSkinLoader Core]: Try to request 'https://littleskin.cn/csl/ametrine_io.json'.
[2026-09-27 20:20:51] [ametrine_io <1f58a621-28b2-3796-b7e3-0742ebfd37ba> (LittleSkin)/DEBUG] [CustomSkinLoader Core]: Failed to request https://littleskin.cn/csl/ametrine_io.json (Exception: java.net.UnknownHostException: littleskin.cn)
[2026-09-27 20:20:51] [ametrine_io <1f58a621-28b2-3796-b7e3-0742ebfd37ba> (LittleSkin)/DEBUG] [CustomSkinLoader Core]: Cache file found (Length: 122 , Path: 'C:\Users\Jorjik\AppData\Roaming\.minecraft\versions\Bogdan's Return\CustomSkinLoader\caches\17a971d93c03418850ca93fc93d10471ce5cde34' , Expire: 0)
[2026-09-27 20:20:51] [ametrine_io <1f58a621-28b2-3796-b7e3-0742ebfd37ba> (LittleSkin)/INFO] [CustomSkinLoader Core]: Try to load from cache 'C:\Users\Jorjik\AppData\Roaming\.minecraft\versions\Bogdan's Return\CustomSkinLoader\caches\17a971d93c03418850ca93fc93d10471ce5cde34'.
[2026-09-27 20:20:51] [ametrine_io <1f58a621-28b2-3796-b7e3-0742ebfd37ba> (LittleSkin)/DEBUG] [CustomSkinLoader Core]: Successfully load from cache
[2026-09-27 20:20:51] [ametrine_io <1f58a621-28b2-3796-b7e3-0742ebfd37ba> (LittleSkin)/DEBUG] [CustomSkinLoader Core]: Content: {"username":"ametrine_io","skins":{"slim":"742ee43a7d19d278a4fec9963871dc517c7912523d3fd603304b65f4782dfe13"},"cape":null}
[2026-09-27 20:20:51] [ametrine_io <1f58a621-28b2-3796-b7e3-0742ebfd37ba>/INFO] [CustomSkinLoader Core]: ametrine_io's profile loaded. (18ms)
[2026-09-27 20:20:51] [ametrine_io <1f58a621-28b2-3796-b7e3-0742ebfd37ba>/INFO] [CustomSkinLoader Core]: (SkinUrl: https://littleskin.cn/csl/textures/742ee43a7d19d278a4fec9963871dc517c7912523d3fd603304b65f4782dfe13 , Model: slim , CapeUrl: null  , Expiry: 1790504481)
[2026-09-27 20:21:06] [Tamuriel <d7d6b6b7-d62f-11ef-af44-9c6b00470e68>/INFO] [CustomSkinLoader Core]: Loading Tamuriel's profile.
[2026-09-27 20:21:06] [Tamuriel <d7d6b6b7-d62f-11ef-af44-9c6b00470e68>/INFO] [CustomSkinLoader Core]: 1/1 Try to load profile from 'LittleSkin'.
[2026-09-27 20:21:06] [Tamuriel <d7d6b6b7-d62f-11ef-af44-9c6b00470e68> (LittleSkin)/DEBUG] [CustomSkinLoader Core]: Try to request 'https://littleskin.cn/csl/Tamuriel.json'.
[2026-09-27 20:21:18] [Tamuriel <d7d6b6b7-d62f-11ef-af44-9c6b00470e68> (LittleSkin)/DEBUG] [CustomSkinLoader Core]: Failed to request https://littleskin.cn/csl/Tamuriel.json (Exception: java.net.UnknownHostException: littleskin.cn)
[2026-09-27 20:21:18] [Tamuriel <d7d6b6b7-d62f-11ef-af44-9c6b00470e68> (LittleSkin)/DEBUG] [CustomSkinLoader Core]: Cache file found (Length: 122 , Path: 'C:\Users\Jorjik\AppData\Roaming\.minecraft\versions\Bogdan's Return\CustomSkinLoader\caches\9e54e2761792637e625f788f0705f7f4cb78937c' , Expire: 0)
[2026-09-27 20:21:18] [Tamuriel <d7d6b6b7-d62f-11ef-af44-9c6b00470e68> (LittleSkin)/INFO] [CustomSkinLoader Core]: Try to load from cache 'C:\Users\Jorjik\AppData\Roaming\.minecraft\versions\Bogdan's Return\CustomSkinLoader\caches\9e54e2761792637e625f788f0705f7f4cb78937c'.
[2026-09-27 20:21:18] [Tamuriel <d7d6b6b7-d62f-11ef-af44-9c6b00470e68> (LittleSkin)/DEBUG] [CustomSkinLoader Core]: Successfully load from cache
[2026-09-27 20:21:18] [Tamuriel <d7d6b6b7-d62f-11ef-af44-9c6b00470e68> (LittleSkin)/DEBUG] [CustomSkinLoader Core]: Content: {"username":"Tamuriel","skins":{"default":"9e01fbd48beb637996bca4de61a82a7392e90643850bb0a582046703462fdfd1"},"cape":null}
[2026-09-27 20:21:18] [Tamuriel <d7d6b6b7-d62f-11ef-af44-9c6b00470e68>/INFO] [CustomSkinLoader Core]: Tamuriel's profile loaded. (12047ms)
[2026-09-27 20:21:18] [Tamuriel <d7d6b6b7-d62f-11ef-af44-9c6b00470e68>/INFO] [CustomSkinLoader Core]: (SkinUrl: https://littleskin.cn/csl/textures/9e01fbd48beb637996bca4de61a82a7392e90643850bb0a582046703462fdfd1 , Model: default , CapeUrl: null  , Expiry: 1790504508)
[2026-09-27 20:33:37] [Tamuriel <d7d6b6b7-d62f-11ef-af44-9c6b00470e68>/INFO] [CustomSkinLoader Core]: Loading Tamuriel's profile.
[2026-09-27 20:33:37] [Tamuriel <d7d6b6b7-d62f-11ef-af44-9c6b00470e68>/INFO] [CustomSkinLoader Core]: 1/1 Try to load profile from 'LittleSkin'.
[2026-09-27 20:33:37] [Tamuriel <d7d6b6b7-d62f-11ef-af44-9c6b00470e68> (LittleSkin)/DEBUG] [CustomSkinLoader Core]: Try to request 'https://littleskin.cn/csl/Tamuriel.json'.
[2026-09-27 20:33:49] [Tamuriel <d7d6b6b7-d62f-11ef-af44-9c6b00470e68> (LittleSkin)/DEBUG] [CustomSkinLoader Core]: Failed to request https://littleskin.cn/csl/Tamuriel.json (Exception: java.net.UnknownHostException: littleskin.cn)
[2026-09-27 20:33:49] [Tamuriel <d7d6b6b7-d62f-11ef-af44-9c6b00470e68> (LittleSkin)/DEBUG] [CustomSkinLoader Core]: Cache file found (Length: 122 , Path: 'C:\Users\Jorjik\AppData\Roaming\.minecraft\versions\Bogdan's Return\CustomSkinLoader\caches\9e54e2761792637e625f788f0705f7f4cb78937c' , Expire: 0)
[2026-09-27 20:33:49] [Tamuriel <d7d6b6b7-d62f-11ef-af44-9c6b00470e68> (LittleSkin)/INFO] [CustomSkinLoader Core]: Try to load from cache 'C:\Users\Jorjik\AppData\Roaming\.minecraft\versions\Bogdan's Return\CustomSkinLoader\caches\9e54e2761792637e625f788f0705f7f4cb78937c'.
[2026-09-27 20:33:49] [Tamuriel <d7d6b6b7-d62f-11ef-af44-9c6b00470e68> (LittleSkin)/DEBUG] [CustomSkinLoader Core]: Successfully load from cache
[2026-09-27 20:33:49] [Tamuriel <d7d6b6b7-d62f-11ef-af44-9c6b00470e68> (LittleSkin)/DEBUG] [CustomSkinLoader Core]: Content: {"username":"Tamuriel","skins":{"default":"9e01fbd48beb637996bca4de61a82a7392e90643850bb0a582046703462fdfd1"},"cape":null}
[2026-09-27 20:33:49] [Tamuriel <d7d6b6b7-d62f-11ef-af44-9c6b00470e68>/INFO] [CustomSkinLoader Core]: Tamuriel's profile loaded. (12090ms)
[2026-09-27 20:33:49] [Tamuriel <d7d6b6b7-d62f-11ef-af44-9c6b00470e68>/INFO] [CustomSkinLoader Core]: (SkinUrl: https://littleskin.cn/csl/textures/9e01fbd48beb637996bca4de61a82a7392e90643850bb0a582046703462fdfd1 , Model: default , CapeUrl: null  , Expiry: 1790505259)
[2026-09-27 20:34:13] [Tamuriel <d7d6b6b7-d62f-11ef-af44-9c6b00470e68>/INFO] [CustomSkinLoader Core]: Loading Tamuriel's profile.
[2026-09-27 20:34:13] [Tamuriel <d7d6b6b7-d62f-11ef-af44-9c6b00470e68>/INFO] [CustomSkinLoader Core]: 1/1 Try to load profile from 'LittleSkin'.
[2026-09-27 20:34:13] [Tamuriel <d7d6b6b7-d62f-11ef-af44-9c6b00470e68> (LittleSkin)/DEBUG] [CustomSkinLoader Core]: Try to request 'https://littleskin.cn/csl/Tamuriel.json'.
[2026-09-27 20:34:25] [Tamuriel <d7d6b6b7-d62f-11ef-af44-9c6b00470e68> (LittleSkin)/DEBUG] [CustomSkinLoader Core]: Failed to request https://littleskin.cn/csl/Tamuriel.json (Exception: java.net.UnknownHostException: littleskin.cn)
[2026-09-27 20:34:25] [Tamuriel <d7d6b6b7-d62f-11ef-af44-9c6b00470e68> (LittleSkin)/DEBUG] [CustomSkinLoader Core]: Cache file found (Length: 122 , Path: 'C:\Users\Jorjik\AppData\Roaming\.minecraft\versions\Bogdan's Return\CustomSkinLoader\caches\9e54e2761792637e625f788f0705f7f4cb78937c' , Expire: 0)
[2026-09-27 20:34:25] [Tamuriel <d7d6b6b7-d62f-11ef-af44-9c6b00470e68> (LittleSkin)/INFO] [CustomSkinLoader Core]: Try to load from cache 'C:\Users\Jorjik\AppData\Roaming\.minecraft\versions\Bogdan's Return\CustomSkinLoader\caches\9e54e2761792637e625f788f0705f7f4cb78937c'.
[2026-09-27 20:34:25] [Tamuriel <d7d6b6b7-d62f-11ef-af44-9c6b00470e68> (LittleSkin)/DEBUG] [CustomSkinLoader Core]: Successfully load from cache
[2026-09-27 20:34:25] [Tamuriel <d7d6b6b7-d62f-11ef-af44-9c6b00470e68> (LittleSkin)/DEBUG] [CustomSkinLoader Core]: Content: {"username":"Tamuriel","skins":{"default":"9e01fbd48beb637996bca4de61a82a7392e90643850bb0a582046703462fdfd1"},"cape":null}
[2026-09-27 20:34:25] [Tamuriel <d7d6b6b7-d62f-11ef-af44-9c6b00470e68>/INFO] [CustomSkinLoader Core]: Tamuriel's profile loaded. (12050ms)
[2026-09-27 20:34:25] [Tamuriel <d7d6b6b7-d62f-11ef-af44-9c6b00470e68>/INFO] [CustomSkinLoader Core]: (SkinUrl: https://littleskin.cn/csl/textures/9e01fbd48beb637996bca4de61a82a7392e90643850bb0a582046703462fdfd1 , Model: default , CapeUrl: null  , Expiry: 1790505295)
[2026-09-27 20:42:02] [Tamuriel <d7d6b6b7-d62f-11ef-af44-9c6b00470e68>/INFO] [CustomSkinLoader Core]: Loading Tamuriel's profile.
[2026-09-27 20:42:02] [Tamuriel <d7d6b6b7-d62f-11ef-af44-9c6b00470e68>/INFO] [CustomSkinLoader Core]: 1/1 Try to load profile from 'LittleSkin'.
[2026-09-27 20:42:02] [Tamuriel <d7d6b6b7-d62f-11ef-af44-9c6b00470e68> (LittleSkin)/DEBUG] [CustomSkinLoader Core]: Try to request 'https://littleskin.cn/csl/Tamuriel.json'.
[2026-09-27 20:42:02] [Tamuriel <d7d6b6b7-d62f-11ef-af44-9c6b00470e68> (LittleSkin)/DEBUG] [CustomSkinLoader Core]: Failed to request https://littleskin.cn/csl/Tamuriel.json (Exception: java.net.UnknownHostException: littleskin.cn)
[2026-09-27 20:42:02] [Tamuriel <d7d6b6b7-d62f-11ef-af44-9c6b00470e68> (LittleSkin)/DEBUG] [CustomSkinLoader Core]: Cache file found (Length: 122 , Path: 'C:\Users\Jorjik\AppData\Roaming\.minecraft\versions\Bogdan's Return\CustomSkinLoader\caches\9e54e2761792637e625f788f0705f7f4cb78937c' , Expire: 0)
[2026-09-27 20:42:02] [Tamuriel <d7d6b6b7-d62f-11ef-af44-9c6b00470e68> (LittleSkin)/INFO] [CustomSkinLoader Core]: Try to load from cache 'C:\Users\Jorjik\AppData\Roaming\.minecraft\versions\Bogdan's Return\CustomSkinLoader\caches\9e54e2761792637e625f788f0705f7f4cb78937c'.
[2026-09-27 20:42:02] [Tamuriel <d7d6b6b7-d62f-11ef-af44-9c6b00470e68> (LittleSkin)/DEBUG] [CustomSkinLoader Core]: Successfully load from cache
[2026-09-27 20:42:02] [Tamuriel <d7d6b6b7-d62f-11ef-af44-9c6b00470e68> (LittleSkin)/DEBUG] [CustomSkinLoader Core]: Content: {"username":"Tamuriel","skins":{"default":"9e01fbd48beb637996bca4de61a82a7392e90643850bb0a582046703462fdfd1"},"cape":null}
[2026-09-27 20:42:02] [Tamuriel <d7d6b6b7-d62f-11ef-af44-9c6b00470e68>/INFO] [CustomSkinLoader Core]: Tamuriel's profile loaded. (6ms)
[2026-09-27 20:42:02] [Tamuriel <d7d6b6b7-d62f-11ef-af44-9c6b00470e68>/INFO] [CustomSkinLoader Core]: (SkinUrl: https://littleskin.cn/csl/textures/9e01fbd48beb637996bca4de61a82a7392e90643850bb0a582046703462fdfd1 , Model: default , CapeUrl: null  , Expiry: 1790505752)
[2026-09-27 20:42:53] [ametrine_io <1f58a621-28b2-3796-b7e3-0742ebfd37ba>/INFO] [CustomSkinLoader Core]: Loading ametrine_io's profile.
[2026-09-27 20:42:53] [ametrine_io <1f58a621-28b2-3796-b7e3-0742ebfd37ba>/INFO] [CustomSkinLoader Core]: 1/1 Try to load profile from 'LittleSkin'.
[2026-09-27 20:42:53] [ametrine_io <1f58a621-28b2-3796-b7e3-0742ebfd37ba> (LittleSkin)/DEBUG] [CustomSkinLoader Core]: Try to request 'https://littleskin.cn/csl/ametrine_io.json'.
[2026-09-27 20:42:53] [ametrine_io <1f58a621-28b2-3796-b7e3-0742ebfd37ba> (LittleSkin)/DEBUG] [CustomSkinLoader Core]: Failed to request https://littleskin.cn/csl/ametrine_io.json (Exception: java.net.UnknownHostException: littleskin.cn)
[2026-09-27 20:42:53] [ametrine_io <1f58a621-28b2-3796-b7e3-0742ebfd37ba> (LittleSkin)/DEBUG] [CustomSkinLoader Core]: Cache file found (Length: 122 , Path: 'C:\Users\Jorjik\AppData\Roaming\.minecraft\versions\Bogdan's Return\CustomSkinLoader\caches\17a971d93c03418850ca93fc93d10471ce5cde34' , Expire: 0)
[2026-09-27 20:42:53] [ametrine_io <1f58a621-28b2-3796-b7e3-0742ebfd37ba> (LittleSkin)/INFO] [CustomSkinLoader Core]: Try to load from cache 'C:\Users\Jorjik\AppData\Roaming\.minecraft\versions\Bogdan's Return\CustomSkinLoader\caches\17a971d93c03418850ca93fc93d10471ce5cde34'.
[2026-09-27 20:42:53] [ametrine_io <1f58a621-28b2-3796-b7e3-0742ebfd37ba> (LittleSkin)/DEBUG] [CustomSkinLoader Core]: Successfully load from cache
[2026-09-27 20:42:53] [ametrine_io <1f58a621-28b2-3796-b7e3-0742ebfd37ba> (LittleSkin)/DEBUG] [CustomSkinLoader Core]: Content: {"username":"ametrine_io","skins":{"slim":"742ee43a7d19d278a4fec9963871dc517c7912523d3fd603304b65f4782dfe13"},"cape":null}
[2026-09-27 20:42:53] [ametrine_io <1f58a621-28b2-3796-b7e3-0742ebfd37ba>/INFO] [CustomSkinLoader Core]: ametrine_io's profile loaded. (5ms)
[2026-09-27 20:42:53] [ametrine_io <1f58a621-28b2-3796-b7e3-0742ebfd37ba>/INFO] [CustomSkinLoader Core]: (SkinUrl: https://littleskin.cn/csl/textures/742ee43a7d19d278a4fec9963871dc517c7912523d3fd603304b65f4782dfe13 , Model: slim , CapeUrl: null  , Expiry: 1790505803)
[2026-09-27 21:23:48] [ametrine_io <1f58a621-28b2-3796-b7e3-0742ebfd37ba>/INFO] [CustomSkinLoader Core]: Loading ametrine_io's profile.
[2026-09-27 21:23:48] [ametrine_io <1f58a621-28b2-3796-b7e3-0742ebfd37ba>/INFO] [CustomSkinLoader Core]: 1/1 Try to load profile from 'LittleSkin'.
[2026-09-27 21:23:48] [ametrine_io <1f58a621-28b2-3796-b7e3-0742ebfd37ba> (LittleSkin)/DEBUG] [CustomSkinLoader Core]: Try to request 'https://littleskin.cn/csl/ametrine_io.json'.
[2026-09-27 21:24:00] [ametrine_io <1f58a621-28b2-3796-b7e3-0742ebfd37ba> (LittleSkin)/DEBUG] [CustomSkinLoader Core]: Failed to request https://littleskin.cn/csl/ametrine_io.json (Exception: java.net.UnknownHostException: littleskin.cn)
[2026-09-27 21:24:00] [ametrine_io <1f58a621-28b2-3796-b7e3-0742ebfd37ba> (LittleSkin)/DEBUG] [CustomSkinLoader Core]: Cache file found (Length: 122 , Path: 'C:\Users\Jorjik\AppData\Roaming\.minecraft\versions\Bogdan's Return\CustomSkinLoader\caches\17a971d93c03418850ca93fc93d10471ce5cde34' , Expire: 0)
[2026-09-27 21:24:00] [ametrine_io <1f58a621-28b2-3796-b7e3-0742ebfd37ba> (LittleSkin)/INFO] [CustomSkinLoader Core]: Try to load from cache 'C:\Users\Jorjik\AppData\Roaming\.minecraft\versions\Bogdan's Return\CustomSkinLoader\caches\17a971d93c03418850ca93fc93d10471ce5cde34'.
[2026-09-27 21:24:00] [ametrine_io <1f58a621-28b2-3796-b7e3-0742ebfd37ba> (LittleSkin)/DEBUG] [CustomSkinLoader Core]: Successfully load from cache
[2026-09-27 21:24:00] [ametrine_io <1f58a621-28b2-3796-b7e3-0742ebfd37ba> (LittleSkin)/DEBUG] [CustomSkinLoader Core]: Content: {"username":"ametrine_io","skins":{"slim":"742ee43a7d19d278a4fec9963871dc517c7912523d3fd603304b65f4782dfe13"},"cape":null}
[2026-09-27 21:24:00] [ametrine_io <1f58a621-28b2-3796-b7e3-0742ebfd37ba>/INFO] [CustomSkinLoader Core]: ametrine_io's profile loaded. (12056ms)
[2026-09-27 21:24:00] [ametrine_io <1f58a621-28b2-3796-b7e3-0742ebfd37ba>/INFO] [CustomSkinLoader Core]: (SkinUrl: https://littleskin.cn/csl/textures/742ee43a7d19d278a4fec9963871dc517c7912523d3fd603304b65f4782dfe13 , Model: slim , CapeUrl: null  , Expiry: 1790508270)
[2026-09-27 21:44:52] [ametrine_io <1f58a621-28b2-3796-b7e3-0742ebfd37ba>/INFO] [CustomSkinLoader Core]: Loading ametrine_io's profile.
[2026-09-27 21:44:52] [ametrine_io <1f58a621-28b2-3796-b7e3-0742ebfd37ba>/INFO] [CustomSkinLoader Core]: 1/1 Try to load profile from 'LittleSkin'.
[2026-09-27 21:44:52] [ametrine_io <1f58a621-28b2-3796-b7e3-0742ebfd37ba> (LittleSkin)/DEBUG] [CustomSkinLoader Core]: Try to request 'https://littleskin.cn/csl/ametrine_io.json'.
[2026-09-27 21:45:04] [ametrine_io <1f58a621-28b2-3796-b7e3-0742ebfd37ba> (LittleSkin)/DEBUG] [CustomSkinLoader Core]: Failed to request https://littleskin.cn/csl/ametrine_io.json (Exception: java.net.UnknownHostException: littleskin.cn)
[2026-09-27 21:45:04] [ametrine_io <1f58a621-28b2-3796-b7e3-0742ebfd37ba> (LittleSkin)/DEBUG] [CustomSkinLoader Core]: Cache file found (Length: 122 , Path: 'C:\Users\Jorjik\AppData\Roaming\.minecraft\versions\Bogdan's Return\CustomSkinLoader\caches\17a971d93c03418850ca93fc93d10471ce5cde34' , Expire: 0)
[2026-09-27 21:45:04] [ametrine_io <1f58a621-28b2-3796-b7e3-0742ebfd37ba> (LittleSkin)/INFO] [CustomSkinLoader Core]: Try to load from cache 'C:\Users\Jorjik\AppData\Roaming\.minecraft\versions\Bogdan's Return\CustomSkinLoader\caches\17a971d93c03418850ca93fc93d10471ce5cde34'.
[2026-09-27 21:45:04] [ametrine_io <1f58a621-28b2-3796-b7e3-0742ebfd37ba> (LittleSkin)/DEBUG] [CustomSkinLoader Core]: Successfully load from cache
[2026-09-27 21:45:04] [ametrine_io <1f58a621-28b2-3796-b7e3-0742ebfd37ba> (LittleSkin)/DEBUG] [CustomSkinLoader Core]: Content: {"username":"ametrine_io","skins":{"slim":"742ee43a7d19d278a4fec9963871dc517c7912523d3fd603304b65f4782dfe13"},"cape":null}
[2026-09-27 21:45:04] [ametrine_io <1f58a621-28b2-3796-b7e3-0742ebfd37ba>/INFO] [CustomSkinLoader Core]: ametrine_io's profile loaded. (12077ms)
[2026-09-27 21:45:04] [ametrine_io <1f58a621-28b2-3796-b7e3-0742ebfd37ba>/INFO] [CustomSkinLoader Core]: (SkinUrl: https://littleskin.cn/csl/textures/742ee43a7d19d278a4fec9963871dc517c7912523d3fd603304b65f4782dfe13 , Model: slim , CapeUrl: null  , Expiry: 1790509534)
[2026-09-27 22:30:50] [ametrine_io <1f58a621-28b2-3796-b7e3-0742ebfd37ba>/INFO] [CustomSkinLoader Core]: Loading ametrine_io's profile.
[2026-09-27 22:30:50] [ametrine_io <1f58a621-28b2-3796-b7e3-0742ebfd37ba>/INFO] [CustomSkinLoader Core]: 1/1 Try to load profile from 'LittleSkin'.
[2026-09-27 22:30:50] [ametrine_io <1f58a621-28b2-3796-b7e3-0742ebfd37ba> (LittleSkin)/DEBUG] [CustomSkinLoader Core]: Try to request 'https://littleskin.cn/csl/ametrine_io.json'.
[2026-09-27 22:30:50] [ametrine_io <1f58a621-28b2-3796-b7e3-0742ebfd37ba> (LittleSkin)/DEBUG] [CustomSkinLoader Core]: Failed to request https://littleskin.cn/csl/ametrine_io.json (Exception: java.net.UnknownHostException: littleskin.cn)
[2026-09-27 22:30:50] [ametrine_io <1f58a621-28b2-3796-b7e3-0742ebfd37ba> (LittleSkin)/DEBUG] [CustomSkinLoader Core]: Cache file found (Length: 122 , Path: 'C:\Users\Jorjik\AppData\Roaming\.minecraft\versions\Bogdan's Return\CustomSkinLoader\caches\17a971d93c03418850ca93fc93d10471ce5cde34' , Expire: 0)
[2026-09-27 22:30:50] [ametrine_io <1f58a621-28b2-3796-b7e3-0742ebfd37ba> (LittleSkin)/INFO] [CustomSkinLoader Core]: Try to load from cache 'C:\Users\Jorjik\AppData\Roaming\.minecraft\versions\Bogdan's Return\CustomSkinLoader\caches\17a971d93c03418850ca93fc93d10471ce5cde34'.
[2026-09-27 22:30:50] [ametrine_io <1f58a621-28b2-3796-b7e3-0742ebfd37ba> (LittleSkin)/DEBUG] [CustomSkinLoader Core]: Successfully load from cache
[2026-09-27 22:30:50] [ametrine_io <1f58a621-28b2-3796-b7e3-0742ebfd37ba> (LittleSkin)/DEBUG] [CustomSkinLoader Core]: Content: {"username":"ametrine_io","skins":{"slim":"742ee43a7d19d278a4fec9963871dc517c7912523d3fd603304b65f4782dfe13"},"cape":null}
[2026-09-27 22:30:50] [ametrine_io <1f58a621-28b2-3796-b7e3-0742ebfd37ba>/INFO] [CustomSkinLoader Core]: ametrine_io's profile loaded. (62ms)
[2026-09-27 22:30:50] [ametrine_io <1f58a621-28b2-3796-b7e3-0742ebfd37ba>/INFO] [CustomSkinLoader Core]: (SkinUrl: https://littleskin.cn/csl/textures/742ee43a7d19d278a4fec9963871dc517c7912523d3fd603304b65f4782dfe13 , Model: slim , CapeUrl: null  , Expiry: 1790512280)
[2026-09-27 22:31:49] [ametrine_io <1f58a621-28b2-3796-b7e3-0742ebfd37ba>/INFO] [CustomSkinLoader Core]: Loading ametrine_io's profile.
[2026-09-27 22:31:49] [ametrine_io <1f58a621-28b2-3796-b7e3-0742ebfd37ba>/INFO] [CustomSkinLoader Core]: 1/1 Try to load profile from 'LittleSkin'.
[2026-09-27 22:31:49] [ametrine_io <1f58a621-28b2-3796-b7e3-0742ebfd37ba> (LittleSkin)/DEBUG] [CustomSkinLoader Core]: Try to request 'https://littleskin.cn/csl/ametrine_io.json'.
[2026-09-27 22:31:49] [ametrine_io <1f58a621-28b2-3796-b7e3-0742ebfd37ba> (LittleSkin)/DEBUG] [CustomSkinLoader Core]: Failed to request https://littleskin.cn/csl/ametrine_io.json (Exception: java.net.UnknownHostException: littleskin.cn)
[2026-09-27 22:31:49] [ametrine_io <1f58a621-28b2-3796-b7e3-0742ebfd37ba> (LittleSkin)/DEBUG] [CustomSkinLoader Core]: Cache file found (Length: 122 , Path: 'C:\Users\Jorjik\AppData\Roaming\.minecraft\versions\Bogdan's Return\CustomSkinLoader\caches\17a971d93c03418850ca93fc93d10471ce5cde34' , Expire: 0)
[2026-09-27 22:31:49] [ametrine_io <1f58a621-28b2-3796-b7e3-0742ebfd37ba> (LittleSkin)/INFO] [CustomSkinLoader Core]: Try to load from cache 'C:\Users\Jorjik\AppData\Roaming\.minecraft\versions\Bogdan's Return\CustomSkinLoader\caches\17a971d93c03418850ca93fc93d10471ce5cde34'.
[2026-09-27 22:31:49] [ametrine_io <1f58a621-28b2-3796-b7e3-0742ebfd37ba> (LittleSkin)/DEBUG] [CustomSkinLoader Core]: Successfully load from cache
[2026-09-27 22:31:49] [ametrine_io <1f58a621-28b2-3796-b7e3-0742ebfd37ba> (LittleSkin)/DEBUG] [CustomSkinLoader Core]: Content: {"username":"ametrine_io","skins":{"slim":"742ee43a7d19d278a4fec9963871dc517c7912523d3fd603304b65f4782dfe13"},"cape":null}
[2026-09-27 22:31:49] [ametrine_io <1f58a621-28b2-3796-b7e3-0742ebfd37ba>/INFO] [CustomSkinLoader Core]: ametrine_io's profile loaded. (7ms)
[2026-09-27 22:31:49] [ametrine_io <1f58a621-28b2-3796-b7e3-0742ebfd37ba>/INFO] [CustomSkinLoader Core]: (SkinUrl: https://littleskin.cn/csl/textures/742ee43a7d19d278a4fec9963871dc517c7912523d3fd603304b65f4782dfe13 , Model: slim , CapeUrl: null  , Expiry: 1790512339)
[2026-09-27 22:32:13] [ametrine_io <1f58a621-28b2-3796-b7e3-0742ebfd37ba>/INFO] [CustomSkinLoader Core]: Loading ametrine_io's profile.
[2026-09-27 22:32:13] [ametrine_io <1f58a621-28b2-3796-b7e3-0742ebfd37ba>/INFO] [CustomSkinLoader Core]: 1/1 Try to load profile from 'LittleSkin'.
[2026-09-27 22:32:13] [ametrine_io <1f58a621-28b2-3796-b7e3-0742ebfd37ba> (LittleSkin)/DEBUG] [CustomSkinLoader Core]: Try to request 'https://littleskin.cn/csl/ametrine_io.json'.
[2026-09-27 22:32:13] [ametrine_io <1f58a621-28b2-3796-b7e3-0742ebfd37ba> (LittleSkin)/DEBUG] [CustomSkinLoader Core]: Failed to request https://littleskin.cn/csl/ametrine_io.json (Exception: java.net.UnknownHostException: littleskin.cn)
[2026-09-27 22:32:13] [ametrine_io <1f58a621-28b2-3796-b7e3-0742ebfd37ba> (LittleSkin)/DEBUG] [CustomSkinLoader Core]: Cache file found (Length: 122 , Path: 'C:\Users\Jorjik\AppData\Roaming\.minecraft\versions\Bogdan's Return\CustomSkinLoader\caches\17a971d93c03418850ca93fc93d10471ce5cde34' , Expire: 0)
[2026-09-27 22:32:13] [ametrine_io <1f58a621-28b2-3796-b7e3-0742ebfd37ba> (LittleSkin)/INFO] [CustomSkinLoader Core]: Try to load from cache 'C:\Users\Jorjik\AppData\Roaming\.minecraft\versions\Bogdan's Return\CustomSkinLoader\caches\17a971d93c03418850ca93fc93d10471ce5cde34'.
[2026-09-27 22:32:13] [ametrine_io <1f58a621-28b2-3796-b7e3-0742ebfd37ba> (LittleSkin)/DEBUG] [CustomSkinLoader Core]: Successfully load from cache
[2026-09-27 22:32:13] [ametrine_io <1f58a621-28b2-3796-b7e3-0742ebfd37ba> (LittleSkin)/DEBUG] [CustomSkinLoader Core]: Content: {"username":"ametrine_io","skins":{"slim":"742ee43a7d19d278a4fec9963871dc517c7912523d3fd603304b65f4782dfe13"},"cape":null}
[2026-09-27 22:32:13] [ametrine_io <1f58a621-28b2-3796-b7e3-0742ebfd37ba>/INFO] [CustomSkinLoader Core]: ametrine_io's profile loaded. (14ms)
[2026-09-27 22:32:13] [ametrine_io <1f58a621-28b2-3796-b7e3-0742ebfd37ba>/INFO] [CustomSkinLoader Core]: (SkinUrl: https://littleskin.cn/csl/textures/742ee43a7d19d278a4fec9963871dc517c7912523d3fd603304b65f4782dfe13 , Model: slim , CapeUrl: null  , Expiry: 1790512363)
[2026-09-27 22:49:03] [ametrine_io <1f58a621-28b2-3796-b7e3-0742ebfd37ba>/INFO] [CustomSkinLoader Core]: Loading ametrine_io's profile.
[2026-09-27 22:49:03] [ametrine_io <1f58a621-28b2-3796-b7e3-0742ebfd37ba>/INFO] [CustomSkinLoader Core]: 1/1 Try to load profile from 'LittleSkin'.
[2026-09-27 22:49:03] [ametrine_io <1f58a621-28b2-3796-b7e3-0742ebfd37ba> (LittleSkin)/DEBUG] [CustomSkinLoader Core]: Try to request 'https://littleskin.cn/csl/ametrine_io.json'.
[2026-09-27 22:49:03] [ametrine_io <1f58a621-28b2-3796-b7e3-0742ebfd37ba> (LittleSkin)/DEBUG] [CustomSkinLoader Core]: Failed to request https://littleskin.cn/csl/ametrine_io.json (Exception: java.net.UnknownHostException: littleskin.cn)
[2026-09-27 22:49:03] [ametrine_io <1f58a621-28b2-3796-b7e3-0742ebfd37ba> (LittleSkin)/DEBUG] [CustomSkinLoader Core]: Cache file found (Length: 122 , Path: 'C:\Users\Jorjik\AppData\Roaming\.minecraft\versions\Bogdan's Return\CustomSkinLoader\caches\17a971d93c03418850ca93fc93d10471ce5cde34' , Expire: 0)
[2026-09-27 22:49:03] [ametrine_io <1f58a621-28b2-3796-b7e3-0742ebfd37ba> (LittleSkin)/INFO] [CustomSkinLoader Core]: Try to load from cache 'C:\Users\Jorjik\AppData\Roaming\.minecraft\versions\Bogdan's Return\CustomSkinLoader\caches\17a971d93c03418850ca93fc93d10471ce5cde34'.
[2026-09-27 22:49:03] [ametrine_io <1f58a621-28b2-3796-b7e3-0742ebfd37ba> (LittleSkin)/DEBUG] [CustomSkinLoader Core]: Successfully load from cache
[2026-09-27 22:49:03] [ametrine_io <1f58a621-28b2-3796-b7e3-0742ebfd37ba> (LittleSkin)/DEBUG] [CustomSkinLoader Core]: Content: {"username":"ametrine_io","skins":{"slim":"742ee43a7d19d278a4fec9963871dc517c7912523d3fd603304b65f4782dfe13"},"cape":null}
[2026-09-27 22:49:03] [ametrine_io <1f58a621-28b2-3796-b7e3-0742ebfd37ba>/INFO] [CustomSkinLoader Core]: ametrine_io's profile loaded. (29ms)
[2026-09-27 22:49:03] [ametrine_io <1f58a621-28b2-3796-b7e3-0742ebfd37ba>/INFO] [CustomSkinLoader Core]: (SkinUrl: https://littleskin.cn/csl/textures/742ee43a7d19d278a4fec9963871dc517c7912523d3fd603304b65f4782dfe13 , Model: slim , CapeUrl: null  , Expiry: 1790513373)
